[ChatResponse(message=AIMessage(content='OK 1', additional_kwargs={}, example=False), total_tokens=0, finish_reason=<FinishReason.stop: 1>), ChatResponse(message=AIMessage(content='OK 2', additional_kwargs={}, example=False), total_tokens=0, finish_reason=<FinishReason.stop: 1>), ChatResponse(message=AIMessage(content='OK 3', additional_kwargs={}, example=False), total_tokens=0, finish_reason=<FinishReason.stop: 1>)]
[]
[HumanMessage(content='Test 1', additional_kwargs={}, example=False), AIMessage(content='OK 1', additional_kwargs={}, example=False), HumanMessage(content='Test 2', additional_kwargs={}, example=False), AIMessage(content='OK 2', additional_kwargs={}, example=False), HumanMessage(content='Test 3', additional_kwargs={}, example=False), AIMessage(content='OK 3', additional_kwargs={}, example=False)]
